// Jest Snapshot v1, https://goo.gl/fbAQLP

exports[`<isAccountOpen /> should render component for mobile and when account is open 1`] = `
.c4 {
  display: inline-block;
  -webkit-flex: 0 0 auto;
  -ms-flex: 0 0 auto;
  flex: 0 0 auto;
  width: 24px;
  height: 24px;
  fill: #666666;
  stroke: #666666;
}

.c4 g {
  fill: inherit;
  stroke: inherit;
}

.c4 *:not([stroke])[fill="none"] {
  stroke-width: 0;
}

.c4 *[stroke*="#"],
.c4 *[STROKE*="#"] {
  stroke: inherit;
  fill: none;
}

.c4 *[fill-rule],
.c4 *[FILL-RULE],
.c4 *[fill*="#"],
.c4 *[FILL*="#"] {
  fill: inherit;
  stroke: none;
}

.c0 {
  display: -webkit-box;
  display: -webkit-flex;
  display: -ms-flexbox;
  display: flex;
  box-sizing: border-box;
  max-width: 100%;
  min-width: 0;
  min-height: 0;
  -webkit-flex-direction: column;
  -ms-flex-direction: column;
  flex-direction: column;
}

.c2 {
  display: -webkit-box;
  display: -webkit-flex;
  display: -ms-flexbox;
  display: flex;
  box-sizing: border-box;
  max-width: 100%;
  -webkit-align-items: center;
  -webkit-box-align: center;
  -ms-flex-align: center;
  align-items: center;
  min-width: 0;
  min-height: 0;
  -webkit-flex-direction: column;
  -ms-flex-direction: column;
  flex-direction: column;
  -webkit-box-pack: center;
  -webkit-justify-content: center;
  -ms-flex-pack: center;
  justify-content: center;
}

.c3 {
  display: -webkit-box;
  display: -webkit-flex;
  display: -ms-flexbox;
  display: flex;
  box-sizing: border-box;
  max-width: 100%;
  margin: 6px;
  min-width: 0;
  min-height: 0;
  -webkit-flex-direction: column;
  -ms-flex-direction: column;
  flex-direction: column;
}

.c5 {
  font-size: 14px;
  line-height: 20px;
}

.c1 {
  background-color: #FFFFFF;
  position: fixed;
  bottom: 0;
  left: 0;
  right: 0;
  height: 4rem;
  display: -webkit-box;
  display: -webkit-flex;
  display: -ms-flexbox;
  display: flex;
  -webkit-align-items: center;
  -webkit-box-align: center;
  -ms-flex-align: center;
  align-items: center;
  -webkit-box-pack: space-evenly;
  -webkit-justify-content: space-evenly;
  -ms-flex-pack: space-evenly;
  justify-content: space-evenly;
  box-shadow: 0px 0px 1px #EDEDED;
  border-top: solid 1px #11111108;
  font-size: 0.875rem;
  line-height: 1;
  -webkit-flex-direction: row;
  -ms-flex-direction: row;
  flex-direction: row;
}

@media only screen and (max-width:768px) {
  .c3 {
    margin: 3px;
  }
}

<div
  class="c0 c1"
  data-testid="mobile-footer-navigation"
>
  <a
    href="/account/dummy"
  >
    <span
      class="c2"
    >
      <span
        class="c3"
      >
        <svg
          aria-label="Money"
          class="c4"
          viewBox="0 0 24 24"
        >
          <path
            d="M16 16c0-1.105-3.134-2-7-2s-7 .895-7 2 3.134 2 7 2 7-.895 7-2zM2 16v4.937C2 22.077 5.134 23 9 23s7-.924 7-2.063V16M9 5c-4.418 0-8 .895-8 2s3.582 2 8 2M1 7v5c0 1.013 3.582 2 8 2M23 4c0-1.105-3.1-2-6.923-2-3.824 0-6.923.895-6.923 2s3.1 2 6.923 2S23 5.105 23 4zm-7 12c3.824 0 7-.987 7-2V4M9.154 4v10.166M9 9c0 1.013 3.253 2 7.077 2C19.9 11 23 10.013 23 9"
            fill="none"
            stroke="#000"
            stroke-width="2"
          />
        </svg>
      </span>
      <span
        class="c5"
      >
        menu.wallet
      </span>
    </span>
  </a>
  <a
    href="/account/dummy/stake"
  >
    <span
      class="c2"
    >
      <span
        class="c3"
      >
        <svg
          aria-label="LineChart"
          class="c4"
          viewBox="0 0 24 24"
        >
          <path
            d="m1 16 7-7 5 5L23 4M0 22h23.999M16 4h7v7"
            fill="none"
            stroke="#000"
            stroke-width="2"
          />
        </svg>
      </span>
      <span
        class="c5"
      >
        menu.stake
      </span>
    </span>
  </a>
</div>
`;
